E:/logstash+externalchunker/lab_reports/P001_Aarav_Ferreira_lab_report.pdf
E:/logstash+externalchunker/lab_reports/P002_Bhavna_Russo_lab_report.pdf
E:/logstash+externalchunker/lab_reports/P003_Carlos_Das_lab_report.pdf
E:/logstash+externalchunker/lab_reports/P004_Diana_Nguyen_lab_report.pdf
E:/logstash+externalchunker/lab_reports/P005_Ethan_Johansson_lab_report.pdf
E:/logstash+externalchunker/lab_reports/P001_Aarav_Ferreira_lab_report.pdf
E:/logstash+externalchunker/lab_reports/P002_Bhavna_Russo_lab_report.pdf
E:/logstash+externalchunker/lab_reports/P003_Carlos_Das_lab_report.pdf
E:/logstash+externalchunker/lab_reports/P004_Diana_Nguyen_lab_report.pdf
E:/logstash+externalchunker/lab_reports/P005_Ethan_Johansson_lab_report.pdf
E:/logstash+externalchunker/lab_reports/P001_Aarav_Ferreira_lab_report.pdf
E:/logstash+externalchunker/lab_reports/P002_Bhavna_Russo_lab_report.pdf
E:/logstash+externalchunker/lab_reports/P003_Carlos_Das_lab_report.pdf
E:/logstash+externalchunker/lab_reports/P004_Diana_Nguyen_lab_report.pdf
E:/logstash+externalchunker/lab_reports/P005_Ethan_Johansson_lab_report.pdf
E:/logstash+externalchunker/lab_reports/P001_Aarav_Ferreira_lab_report.pdf
E:/logstash+externalchunker/lab_reports/P002_Bhavna_Russo_lab_report.pdf
E:/logstash+externalchunker/lab_reports/P003_Carlos_Das_lab_report.pdf
E:/logstash+externalchunker/lab_reports/P004_Diana_Nguyen_lab_report.pdf
E:/logstash+externalchunker/lab_reports/P005_Ethan_Johansson_lab_report.pdf
